[medic.mhrtheme.com/index.html]
[backblue.gif]
[fade.gif]
[index.html]
[medic.mhrtheme.com/wp-includes/css/dist/block-library/style.min3781.css]
[medic.mhrtheme.com/feed/index.html]
[medic.mhrtheme.com/comments/feed/index.html]
[medic.mhrtheme.com/wp-content/plugins/woocommerce/packages/woocommerce-blocks/build/wc-blocks-vendors-style2ff6.css]
[medic.mhrtheme.com/wp-content/plugins/woocommerce/packages/woocommerce-blocks/build/wc-blocks-style2ff6.css]
[medic.mhrtheme.com/wp-includes/css/classic-themes.min3781.css]
[medic.mhrtheme.com/wp-content/plugins/contact-form-7/includes/css/styles77e1.css]
[medic.mhrtheme.com/wp-content/plugins/woocommerce/assets/css/woocommerce-layout823d.css]
[medic.mhrtheme.com/wp-content/plugins/woocommerce/assets/css/woocommerce-smallscreen823d.css]
[medic.mhrtheme.com/wp-content/plugins/woocommerce/assets/css/woocommerce823d.css]
[medic.mhrtheme.com/wp-content/themes/medic/assets/css/bootstrap.min4963.css]
[medic.mhrtheme.com/wp-content/themes/medic/assets/css/owl.theme.default.min4963.css]
[medic.mhrtheme.com/wp-content/themes/medic/assets/css/owl.carousel.min4963.css]
[medic.mhrtheme.com/wp-content/themes/medic/assets/css/magnific-popup.min4963.css]
[medic.mhrtheme.com/wp-content/themes/medic/assets/css/animate.min4963.css]
[medic.mhrtheme.com/wp-content/themes/medic/assets/css/boxicons.min4963.css]
[medic.mhrtheme.com/wp-content/themes/medic/assets/css/flaticon4963.css]
[medic.mhrtheme.com/wp-content/themes/medic/assets/css/meanmenu.min4963.css]
[medic.mhrtheme.com/wp-content/themes/medic/assets/css/nice-select.min4963.css]
[medic.mhrtheme.com/wp-content/themes/medic/assets/css/odometer.min4963.css]
[medic.mhrtheme.com/wp-content/themes/medic/assets/css/main4963.css]
[medic.mhrtheme.com/wp-content/themes/medic/style3781.css]
[medic.mhrtheme.com/wp-content/themes/medic-child/style4963.css]
[medic.mhrtheme.com/wp-content/themes/medic/assets/css/medic-font-14963.css]
[medic.mhrtheme.com/wp-content/themes/medic/assets/css/medic-font-24963.css]
[medic.mhrtheme.com/wp-content/themes/medic/assets/css/font-awesome.min4963.css]
[medic.mhrtheme.com/wp-content/themes/medic/assets/css/aos4963.css]
[medic.mhrtheme.com/wp-content/themes/medic/assets/css/responsive4963.css]
[medic.mhrtheme.com/wp-content/themes/medic/assets/css/woocommerce4963.css]
[medic.mhrtheme.com/wp-content/plugins/woocommerce/assets/fonts/star.eot]
[medic.mhrtheme.com/wp-content/plugins/woocommerce/assets/fonts/stard41d.eot]
[medic.mhrtheme.com/wp-content/plugins/woocommerce/assets/fonts/star.woff]
[medic.mhrtheme.com/wp-content/plugins/woocommerce/assets/fonts/star.ttf]
[medic.mhrtheme.com/wp-content/plugins/woocommerce/assets/fonts/star.svg]
[medic.mhrtheme.com/wp-content/themes/medic/assets/css/woocommerce-responsive4963.css]
[medic.mhrtheme.com/wp-content/plugins/elementor/assets/lib/eicons/css/elementor-icons.min91ce.css]
[medic.mhrtheme.com/wp-content/plugins/elementor/assets/css/frontend-lite.min9e95.css]
[medic.mhrtheme.com/wp-content/uploads/elementor/css/post-5fd55.css]
[medic.mhrtheme.com/wp-content/uploads/elementor/css/global46d6.css]
[medic.mhrtheme.com/wp-includes/js/jquery/jquery-migrate.min6b00.js]
[medic.mhrtheme.com/wp-includes/js/jquery/jquery.min5aed.js]
[medic.mhrtheme.com/wp-json/index.html]
[medic.mhrtheme.com/wp-json/wp/v2/pages/82.json]
[medic.mhrtheme.com/xmlrpc0db0.php]
[medic.mhrtheme.com/wp-includes/wlwmanifest.xml]
[medic.mhrtheme.com/wp-json/oembed/1.0/embed0301.json]
[medic.mhrtheme.com/wp-json/oembed/1.0/embedcf81]
[medic.mhrtheme.com/wp-content/uploads/2022/09/all-page.jpg]
[medic.mhrtheme.com/wp-content/uploads/2022/09/archive-page.jpg]
[medic.mhrtheme.com/wp-content/uploads/2022/09/single-archive.jpg]
[medic.mhrtheme.com/wp-content/uploads/2022/09/search-page.jpg]
[medic.mhrtheme.com/wp-content/uploads/2022/09/favicon.png]
[medic.mhrtheme.com/wp-content/uploads/2022/09/logo.png]
[medic.mhrtheme.com/404-error-page]
[medic.mhrtheme.com/wp-content/uploads/2022/10/banner-bg.jpg]
[medic.mhrtheme.com/homepage-style-two/index.html]
[medic.mhrtheme.com/one-page-home/index.html]
[medic.mhrtheme.com/wp-content/uploads/2022/10/banner-img.png]
[medic.mhrtheme.com/boxed-homepage/index.html]
[medic.mhrtheme.com/wp-content/uploads/2022/10/about-img.jpg]
[medic.mhrtheme.com/dark-homepage/index.html]
[medic.mhrtheme.com/about-style-one/index.html]
[medic.mhrtheme.com/wp-content/uploads/2022/10/doctor-1.jpg]
[medic.mhrtheme.com/wp-content/uploads/2022/10/doctor-2.jpg]
[medic.mhrtheme.com/about-style-two/index.html]
[medic.mhrtheme.com/department-grid/index.html]
[medic.mhrtheme.com/department-slider/index.html]
[medic.mhrtheme.com/medic-departments/brain/index.html]
[medic.mhrtheme.com/wp-content/uploads/2022/10/doctor-3.jpg]
[medic.mhrtheme.com/wp-content/uploads/2022/10/appointment-img.jpg]
[medic.mhrtheme.com/medic-departments/dental-care/index.html]
[medic.mhrtheme.com/medic-departments/pulmonary/index.html]
[medic.mhrtheme.com/shop-grid/index.html]
[medic.mhrtheme.com/wp-content/uploads/2022/10/faq-img.jpg]
[medic.mhrtheme.com/wp-content/uploads/2022/10/why-choose-1.jpg]
[medic.mhrtheme.com/shop-slider/index.html]
[medic.mhrtheme.com/wp-content/uploads/2022/10/why-choose-2.jpg]
[medic.mhrtheme.com/shop-list/index.html]
[medic.mhrtheme.com/wp-content/uploads/2022/10/why-choose-3.jpg]
[medic.mhrtheme.com/product/digital-bp-monitor/index.html]
[medic.mhrtheme.com/cart/index.html]
[medic.mhrtheme.com/wp-content/uploads/2022/10/client-1.jpg]
[medic.mhrtheme.com/my-account/index.html]
[medic.mhrtheme.com/wp-content/uploads/2022/10/client-2.jpg]
[medic.mhrtheme.com/blog-grid/index.html]
[medic.mhrtheme.com/wp-content/uploads/2022/10/client-3.jpg]
[medic.mhrtheme.com/blog-slider/index.html]
[medic.mhrtheme.com/wp-content/uploads/2022/10/client-4.jpg]
[medic.mhrtheme.com/blog-left-sidebar/index.html]
[medic.mhrtheme.com/wp-content/uploads/2022/10/client-5.jpg]
[medic.mhrtheme.com/blog-right-sidebar/index.html]
[medic.mhrtheme.com/aspirin-for-prevention/index.html]
[medic.mhrtheme.com/wp-content/uploads/2022/10/client-6.jpg]
[medic.mhrtheme.com/new-operating-suites/index.html]
[medic.mhrtheme.com/medical-specialty-health/index.html]
[medic.mhrtheme.com/wp-content/uploads/2021/10/blog-1.jpg]
[medic.mhrtheme.com/appointment-style-one/index.html]
[medic.mhrtheme.com/appointment-style-two/index.html]
[medic.mhrtheme.com/wp-content/uploads/2021/10/blog-2.jpg]
[medic.mhrtheme.com/doctor-grid/index.html]
[medic.mhrtheme.com/wp-content/uploads/2021/10/blog-3.jpg]
[medic.mhrtheme.com/doctor-slider/index.html]
[medic.mhrtheme.com/testimonial-grid/index.html]
[medic.mhrtheme.com/testimonial-slider/index.html]
[medic.mhrtheme.com/wp-content/plugins/contact-form-7/includes/swv/js/index77e1.js]
[medic.mhrtheme.com/frequently-asked-questions/index.html]
[medic.mhrtheme.com/page-no-sidebar/index.html]
[medic.mhrtheme.com/wp-content/plugins/contact-form-7/includes/js/index77e1.js]
[medic.mhrtheme.com/page-left-sidebar/index.html]
[medic.mhrtheme.com/page-right-sidebar/index.html]
[medic.mhrtheme.com/contact-style-one/index.html]
[js.hs-scripts.com/3976147293d3.js]
[medic.mhrtheme.com/contact-style-two/index.html]
[medic.mhrtheme.com/medic-departments/cardiology/index.html]
[medic.mhrtheme.com/medic-departments/eye-care/index.html]
[medic.mhrtheme.com/wp-content/plugins/woocommerce/assets/js/jquery-blockui/jquery.blockUI.mindc32.js]
[medic.mhrtheme.com/wp-content/plugins/woocommerce/assets/js/frontend/add-to-cart.min823d.js]
[medic.mhrtheme.com/author/adam-smith/index.html]
[medic.mhrtheme.com/medic-departments/neurology/index.html]
[medic.mhrtheme.com/wp-content/plugins/woocommerce/assets/js/js-cookie/js.cookie.minc599.js]
[medic.mhrtheme.com/2021/10/23/index.html]
[medic.mhrtheme.com/wp-content/plugins/woocommerce/assets/js/frontend/woocommerce.min823d.js]
[medic.mhrtheme.com/2021/10/22/index.html]
[medic.mhrtheme.com/2021/10/21/index.html]
[medic.mhrtheme.com/wp-content/plugins/woocommerce/assets/js/frontend/cart-fragments.min823d.js]
[medic.mhrtheme.com/blog/index.html]
[medic.mhrtheme.com/wp-content/themes/medic/assets/js/bootstrap.bundle.min4963.js]
[medic.mhrtheme.com/medic-departments/medicine/index.html]
[medic.mhrtheme.com/wp-content/themes/medic/assets/js/meanmenu.min4963.js]
[medic.mhrtheme.com/wp-content/themes/medic/assets/js/wow.min4963.js]
[medic.mhrtheme.com/wp-content/themes/medic/assets/js/owl.carousel.min4963.js]
[medic.mhrtheme.com/wp-content/themes/medic/assets/js/magnific-popup.min4963.js]
[medic.mhrtheme.com/wp-content/themes/medic/assets/js/nice-select.min4963.js]
[medic.mhrtheme.com/wp-content/themes/medic/assets/js/appear.min4963.js]
[medic.mhrtheme.com/wp-content/themes/medic/assets/js/odometer.min4963.js]
[medic.mhrtheme.com/wp-content/themes/medic/assets/js/bootstrap-datepicker.min4963.js]
[medic.mhrtheme.com/wp-content/themes/medic/assets/js/form-validator.min4963.js]
[medic.mhrtheme.com/wp-content/themes/medic/assets/js/ajaxchimp.min4963.js]
[medic.mhrtheme.com/wp-content/themes/medic/assets/js/aos4963.js]
[medic.mhrtheme.com/wp-content/themes/medic/assets/js/custom4963.js]
[medic.mhrtheme.com/wp-content/plugins/mailchimp-for-wp/assets/js/forms5111.js]
[medic.mhrtheme.com/wp-content/plugins/elementor/assets/js/webpack.runtime.min9e95.js]
[medic.mhrtheme.com/wp-content/plugins/elementor/assets/js/frontend-modules.min9e95.js]
[medic.mhrtheme.com/wp-content/plugins/elementor/assets/lib/waypoints/waypoints.min05da.js]
[medic.mhrtheme.com/wp-includes/js/jquery/ui/core.min3f14.js]
[medic.mhrtheme.com/wp-content/plugins/elementor/assets/js/frontend.min9e95.js]
[medic.mhrtheme.com/index.html]
[medic.mhrtheme.com/wp-includes/css/dist/block-library/style.min3781.css]
[medic.mhrtheme.com/wp-content/plugins/woocommerce/packages/woocommerce-blocks/build/wc-blocks-vendors-style2ff6.css]
[medic.mhrtheme.com/wp-content/plugins/woocommerce/packages/woocommerce-blocks/build/wc-blocks-style2ff6.css]
[medic.mhrtheme.com/wp-includes/css/classic-themes.min3781.css]
[medic.mhrtheme.com/wp-content/plugins/contact-form-7/includes/css/styles77e1.css]
[medic.mhrtheme.com/wp-content/plugins/woocommerce/assets/css/woocommerce-layout823d.css]
[medic.mhrtheme.com/wp-content/plugins/woocommerce/assets/css/woocommerce-smallscreen823d.css]
[medic.mhrtheme.com/wp-content/plugins/woocommerce/assets/fonts/WooCommerce.eot]
[medic.mhrtheme.com/wp-content/plugins/woocommerce/assets/fonts/WooCommerced41d.eot]
[medic.mhrtheme.com/wp-content/plugins/woocommerce/assets/fonts/WooCommerce.woff]
[medic.mhrtheme.com/wp-content/plugins/woocommerce/assets/fonts/WooCommerce.ttf]
[medic.mhrtheme.com/wp-content/plugins/woocommerce/assets/fonts/WooCommerce.svg]
[medic.mhrtheme.com/wp-content/plugins/woocommerce/assets/images/icons/credit-cards/visa.svg]
[medic.mhrtheme.com/wp-content/plugins/woocommerce/assets/images/icons/credit-cards/mastercard.svg]
[medic.mhrtheme.com/wp-content/plugins/woocommerce/assets/images/icons/credit-cards/laser.svg]
[medic.mhrtheme.com/wp-content/plugins/woocommerce/assets/images/icons/credit-cards/diners.svg]
[medic.mhrtheme.com/wp-content/plugins/woocommerce/assets/images/icons/credit-cards/maestro.svg]
[medic.mhrtheme.com/wp-content/plugins/woocommerce/assets/images/icons/credit-cards/jcb.svg]
[medic.mhrtheme.com/wp-content/plugins/woocommerce/assets/images/icons/credit-cards/amex.svg]
[medic.mhrtheme.com/wp-content/plugins/woocommerce/assets/images/icons/credit-cards/discover.svg]
[medic.mhrtheme.com/wp-content/plugins/woocommerce/assets/css/woocommerce823d.css]
[medic.mhrtheme.com/wp-content/themes/medic/assets/css/bootstrap.min4963.css]
[medic.mhrtheme.com/wp-content/themes/medic/assets/css/owl.theme.default.min4963.css]
[medic.mhrtheme.com/wp-content/themes/medic/assets/css/owl.video.play.png]
[medic.mhrtheme.com/wp-content/themes/medic/assets/css/owl.carousel.min4963.css]
[medic.mhrtheme.com/wp-content/themes/medic/assets/css/magnific-popup.min4963.css]
[medic.mhrtheme.com/wp-content/themes/medic/assets/css/animate.min4963.css]
[medic.mhrtheme.com/wp-content/themes/medic/assets/fonts/boxicons.woff2]
[medic.mhrtheme.com/wp-content/themes/medic/assets/fonts/boxicons.eot]
[medic.mhrtheme.com/wp-content/themes/medic/assets/fonts/boxicons.woff]
[medic.mhrtheme.com/wp-content/themes/medic/assets/fonts/boxicons.ttf]
[medic.mhrtheme.com/wp-content/themes/medic/assets/css/boxicons.min4963.css]
[medic.mhrtheme.com/wp-content/themes/medic/assets/fonts/Flaticon.eot]
[medic.mhrtheme.com/wp-content/themes/medic/assets/fonts/Flaticond41d.eot]
[medic.mhrtheme.com/wp-content/themes/medic/assets/fonts/boxiconsd41d.svg]
[medic.mhrtheme.com/wp-content/themes/medic/assets/fonts/Flaticon.woff2]
[medic.mhrtheme.com/wp-content/themes/medic/assets/fonts/Flaticon.woff]
[medic.mhrtheme.com/wp-content/themes/medic/assets/fonts/Flaticon.ttf]
[medic.mhrtheme.com/wp-content/themes/medic/assets/css/flaticon4963.css]
[medic.mhrtheme.com/wp-content/themes/medic/assets/css/meanmenu.min4963.css]
[medic.mhrtheme.com/wp-content/themes/medic/assets/css/nice-select.min4963.css]
[medic.mhrtheme.com/wp-content/themes/medic/assets/css/odometer.min4963.css]
[medic.mhrtheme.com/wp-content/themes/medic/assets/fonts/Flaticon.svg]
[medic.mhrtheme.com/wp-content/themes/medic/assets/img/quate.png]
[medic.mhrtheme.com/wp-content/themes/medic/assets/css/main4963.css]
[medic.mhrtheme.com/wp-content/themes/medic/style3781.css]
[medic.mhrtheme.com/wp-content/themes/medic-child/style4963.css]
[medic.mhrtheme.com/wp-content/themes/medic/assets/css/medic-font-14963.css]
[medic.mhrtheme.com/wp-content/themes/medic/assets/css/medic-font-24963.css]
[medic.mhrtheme.com/wp-content/themes/medic/assets/fonts/fontawesome-webfont3e6e.eot]
[medic.mhrtheme.com/wp-content/themes/medic/assets/fonts/fontawesome-webfont3e6e.woff2]
[medic.mhrtheme.com/wp-content/themes/medic/assets/fonts/fontawesome-webfontd41d.eot]
[medic.mhrtheme.com/wp-content/themes/medic/assets/fonts/fontawesome-webfont3e6e.woff]
[medic.mhrtheme.com/wp-content/themes/medic/assets/fonts/fontawesome-webfont3e6e.ttf]
[medic.mhrtheme.com/wp-content/themes/medic/assets/css/font-awesome.min4963.css]
[medic.mhrtheme.com/wp-content/themes/medic/assets/css/aos4963.css]
[medic.mhrtheme.com/wp-content/themes/medic/assets/css/responsive4963.css]
[medic.mhrtheme.com/wp-content/themes/medic/assets/css/woocommerce4963.css]
[medic.mhrtheme.com/wp-content/plugins/woocommerce/assets/fonts/star.svg]
[medic.mhrtheme.com/wp-content/themes/medic/assets/css/woocommerce-responsive4963.css]
[medic.mhrtheme.com/wp-content/themes/medic/assets/fonts/fontawesome-webfont3e6e.svg]
[medic.mhrtheme.com/wp-content/plugins/elementor/assets/lib/eicons/fonts/eicons1075.eot]
[medic.mhrtheme.com/wp-content/plugins/elementor/assets/lib/eicons/fonts/eicons1075.woff2]
[medic.mhrtheme.com/wp-content/plugins/elementor/assets/lib/eicons/fonts/eicons1075.woff]
[medic.mhrtheme.com/wp-content/plugins/elementor/assets/lib/eicons/fonts/eicons1075.ttf]
[medic.mhrtheme.com/wp-content/plugins/elementor/assets/lib/eicons/css/elementor-icons.min91ce.css]
[medic.mhrtheme.com/wp-content/plugins/elementor/assets/css/frontend-lite.min9e95.css]
[medic.mhrtheme.com/wp-content/uploads/elementor/css/post-5fd55.css]
[medic.mhrtheme.com/wp-content/uploads/elementor/css/global46d6.css]
[medic.mhrtheme.com/wp-content/uploads/elementor/css/post-8246d6.css]
[medic.mhrtheme.com/wp-content/plugins/elementor/assets/lib/eicons/fonts/eicons1075.svg]
[medic.mhrtheme.com/wp-json/wp/v2/pages/84.json]
[medic.mhrtheme.com/wp-json/oembed/1.0/embedfa0d.json]
[medic.mhrtheme.com/wp-json/oembed/1.0/embed4cb8]
[medic.mhrtheme.com/wp-content/uploads/2022/10/slider-bg-1.jpg]
[medic.mhrtheme.com/wp-content/uploads/2022/10/slider-bg-2.jpg]
[medic.mhrtheme.com/wp-content/uploads/2022/10/doctor-4.png]
[medic.mhrtheme.com/wp-content/uploads/2022/10/doctor-5.jpg]
[medic.mhrtheme.com/wp-content/uploads/2022/10/doctor-6.jpg]
[medic.mhrtheme.com/wp-content/uploads/2022/10/product-1.jpg]
[medic.mhrtheme.com/wp-content/uploads/2022/10/product-2.jpg]
[medic.mhrtheme.com/product/digital-monitor/index.html]
[medic.mhrtheme.com/product-category/armani/index.html]
[medic.mhrtheme.com/wp-content/uploads/2022/10/product-3.jpg]
[medic.mhrtheme.com/product-category/moshi/index.html]
[medic.mhrtheme.com/wp-content/uploads/2022/10/product-4.jpg]
[medic.mhrtheme.com/product-category/canada/index.html]
[medic.mhrtheme.com/wp-content/uploads/2022/10/product-5.jpg]
[medic.mhrtheme.com/wp-content/uploads/2021/10/blog-4.jpg]
[medic.mhrtheme.com/product/non-touch-thermometer/index.html]
[medic.mhrtheme.com/product/patient-monitor/index.html]
[medic.mhrtheme.com/wp-content/uploads/2021/09/blog-5.jpg]
[medic.mhrtheme.com/product/object-thermometer/index.html]
[medic.mhrtheme.com/wp-content/uploads/2021/08/blog-6.jpg]
[medic.mhrtheme.com/homepage-style-two/index.html]
[medic.mhrtheme.com/product-category/turnout/index.html]
[medic.mhrtheme.com/product/esperanza-inhaler/index.html]
[medic.mhrtheme.com/shop/index.html]
[medic.mhrtheme.com/leading-you-to-health/index.html]
[medic.mhrtheme.com/2021/10/20/index.html]
[medic.mhrtheme.com/the-culture-of-care/index.html]
[medic.mhrtheme.com/author/john-doe/index.html]
[medic.mhrtheme.com/2021/09/20/index.html]
[medic.mhrtheme.com/a-healing-presence/index.html]
[medic.mhrtheme.com/wp-json/wp/v2/pages/908.json]
[medic.mhrtheme.com/2021/08/13/index.html]
[medic.mhrtheme.com/wp-json/oembed/1.0/embeddcbb.json]
[medic.mhrtheme.com/wp-json/oembed/1.0/embed4b79]
[medic.mhrtheme.com/wp-content/uploads/2022/10/single-page-home-banner.png]
[medic.mhrtheme.com/one-page-home/index.html]
[medic.mhrtheme.com/wp-json/wp/v2/pages/966.json]
[medic.mhrtheme.com/wp-json/oembed/1.0/embeded82.json]
[medic.mhrtheme.com/boxed-homepage/index.html]
[medic.mhrtheme.com/wp-json/oembed/1.0/embed15a5]
[medic.mhrtheme.com/wp-json/wp/v2/pages/972.json]
[medic.mhrtheme.com/wp-json/oembed/1.0/embed4bbb.json]
[medic.mhrtheme.com/wp-json/oembed/1.0/embeda44c]
[medic.mhrtheme.com/wp-content/uploads/2022/10/dark-home-banner.png]
[medic.mhrtheme.com/dark-homepage/index.html]
[medic.mhrtheme.com/wp-json/wp/v2/pages/40.json]
[medic.mhrtheme.com/wp-json/oembed/1.0/embedd2f1.json]
[medic.mhrtheme.com/about-style-one/index.html]
[medic.mhrtheme.com/wp-json/oembed/1.0/embed8c36]
[medic.mhrtheme.com/wp-json/wp/v2/pages/44.json]
[medic.mhrtheme.com/wp-json/oembed/1.0/embede70d.json]
[medic.mhrtheme.com/about-style-two/index.html]
[medic.mhrtheme.com/wp-json/oembed/1.0/embedbfae]
[medic.mhrtheme.com/wp-json/wp/v2/pages/50.json]
[medic.mhrtheme.com/wp-json/oembed/1.0/embed0272.json]
[medic.mhrtheme.com/department-grid/index.html]
[medic.mhrtheme.com/wp-json/oembed/1.0/embed5f22]
[medic.mhrtheme.com/wp-json/wp/v2/pages/52.json]
[medic.mhrtheme.com/department-grid/page/2/index.html]
[medic.mhrtheme.com/wp-json/oembed/1.0/embed232a.json]
[medic.mhrtheme.com/department-slider/index.html]
[medic.mhrtheme.com/wp-json/oembed/1.0/embedb3f5]
[medic.mhrtheme.com/wp-json/wp/v2/medic-departments/343.json]
[medic.mhrtheme.com/wp-json/oembed/1.0/embed0aec.json]
[medic.mhrtheme.com/wp-json/oembed/1.0/embedb9da]
[medic.mhrtheme.com/wp-content/uploads/2021/10/department-1.jpg]
[medic.mhrtheme.com/2021/10/index.html]
[medic.mhrtheme.com/2021/09/index.html]
[medic.mhrtheme.com/wp-content/uploads/2021/10/department-2.jpg]
[medic.mhrtheme.com/2021/08/index.html]
[medic.mhrtheme.com/2021/06/index.html]
[medic.mhrtheme.com/2021/07/index.html]
[medic.mhrtheme.com/category/disease/index.html]
[medic.mhrtheme.com/wp-content/uploads/2021/10/department-3.jpg]
[medic.mhrtheme.com/medic-departments/brain/index.html]
[medic.mhrtheme.com/category/health/index.html]
[medic.mhrtheme.com/category/medical/index.html]
[medic.mhrtheme.com/category/nutrition/index.html]
[medic.mhrtheme.com/category/poison/index.html]
[medic.mhrtheme.com/wp-json/wp/v2/medic-departments/342.json]
[medic.mhrtheme.com/wp-json/oembed/1.0/embed969c.json]
[medic.mhrtheme.com/wp-json/oembed/1.0/embed3b80]
[medic.mhrtheme.com/medic-departments/dental-care/index.html]
[medic.mhrtheme.com/wp-json/wp/v2/medic-departments/341.json]
[medic.mhrtheme.com/wp-json/oembed/1.0/embede766.json]
[medic.mhrtheme.com/medic-departments/pulmonary/index.html]
[medic.mhrtheme.com/wp-json/oembed/1.0/embedad9d]
[medic.mhrtheme.com/wp-json/wp/v2/pages/62.json]
[medic.mhrtheme.com/wp-json/oembed/1.0/embed9028.json]
[medic.mhrtheme.com/shop-grid/index.html]
[medic.mhrtheme.com/wp-json/oembed/1.0/embed024a]
[medic.mhrtheme.com/wp-json/wp/v2/pages/64.json]
[medic.mhrtheme.com/shop-grid/page/2/index.html]
[medic.mhrtheme.com/wp-json/oembed/1.0/embed5192.json]
[medic.mhrtheme.com/wp-json/oembed/1.0/embed1d77]
[medic.mhrtheme.com/wp-content/uploads/2022/10/product-6.jpg]
[medic.mhrtheme.com/shop-slider/index.html]
[medic.mhrtheme.com/product/bp-machine/index.html]
[medic.mhrtheme.com/product-category/switch/index.html]
[medic.mhrtheme.com/wp-json/wp/v2/pages/470.json]
[medic.mhrtheme.com/wp-json/oembed/1.0/embedb7f0.json]
[medic.mhrtheme.com/wp-json/oembed/1.0/embed3755]
[medic.mhrtheme.com/shop-list/index.html]
[medic.mhrtheme.com/wp-content/plugins/woocommerce/assets/css/photoswipe/photoswipe.min823d.css]
[medic.mhrtheme.com/wp-content/plugins/woocommerce/assets/css/photoswipe/default-skin/default-skin.min823d.css]
[medic.mhrtheme.com/shop-list/page/2/index.html]
[medic.mhrtheme.com/product/digital-bp-monitor/feed/index.html]
[medic.mhrtheme.com/wp-json/wp/v2/product/443.json]
[medic.mhrtheme.com/wp-json/oembed/1.0/embedf3d7.json]
[medic.mhrtheme.com/wp-json/oembed/1.0/embed84e3]
[medic.mhrtheme.com/wp-content/plugins/woocommerce/assets/js/zoom/jquery.zoom.min584e.js]
[medic.mhrtheme.com/wp-content/plugins/woocommerce/assets/js/flexslider/jquery.flexslider.mind5f8.js]
[medic.mhrtheme.com/wp-content/plugins/woocommerce/assets/js/photoswipe/photoswipe.mine32b.js]
[medic.mhrtheme.com/wp-content/plugins/woocommerce/assets/js/photoswipe/photoswipe-ui-default.mine32b.js]
[medic.mhrtheme.com/wp-content/plugins/woocommerce/assets/js/frontend/single-product.min823d.js]
[medic.mhrtheme.com/product/digital-bp-monitor/index.html]
[medic.mhrtheme.com/wp-includes/js/comment-reply.min3781.js]
[medic.mhrtheme.com/wp-content/plugins/woocommerce/assets/css/select2823d.css]
[medic.mhrtheme.com/wp-json/wp/v2/pages/9.json]
[medic.mhrtheme.com/wp-json/oembed/1.0/embed76d5.json]
[medic.mhrtheme.com/wp-json/oembed/1.0/embed1ddf]
[medic.mhrtheme.com/wp-content/plugins/woocommerce/assets/js/frontend/country-select.min823d.js]
[medic.mhrtheme.com/wp-content/plugins/woocommerce/assets/js/frontend/address-i18n.min823d.js]
[medic.mhrtheme.com/wp-content/plugins/woocommerce/assets/js/frontend/cart.min823d.js]
[medic.mhrtheme.com/cart/index.html]
[medic.mhrtheme.com/checkout/index.html]
[medic.mhrtheme.com/wp-content/plugins/woocommerce/assets/js/selectWoo/selectWoo.full.minf988.js]
[medic.mhrtheme.com/wp-json/wp/v2/pages/11.json]
[medic.mhrtheme.com/wp-json/oembed/1.0/embed3a63.json]
[medic.mhrtheme.com/my-account/index.html]
[medic.mhrtheme.com/wp-json/oembed/1.0/embedbae8]
[medic.mhrtheme.com/my-account/lost-password/index.html]
[medic.mhrtheme.com/wp-json/wp/v2/pages/54.json]
[medic.mhrtheme.com/privacy-policy/index.html]
[medic.mhrtheme.com/wp-json/oembed/1.0/embedd25c.json]
[medic.mhrtheme.com/blog-grid/index.html]
[medic.mhrtheme.com/wp-json/oembed/1.0/embedcd0f]
[medic.mhrtheme.com/wp-json/wp/v2/pages/56.json]
[medic.mhrtheme.com/wp-json/oembed/1.0/embedaea7.json]
[medic.mhrtheme.com/blog-slider/index.html]
[medic.mhrtheme.com/wp-json/oembed/1.0/embedced0]
[medic.mhrtheme.com/medical-healing-presence/index.html]
[medic.mhrtheme.com/2021/06/15/index.html]
[medic.mhrtheme.com/2021/07/05/index.html]
[medic.mhrtheme.com/leading-speciality-health/index.html]
[medic.mhrtheme.com/wp-json/wp/v2/pages/58.json]
[medic.mhrtheme.com/wp-json/oembed/1.0/embed0259.json]
[medic.mhrtheme.com/blog-left-sidebar/index.html]
[medic.mhrtheme.com/wp-json/oembed/1.0/embed83cd]
[medic.mhrtheme.com/wp-json/wp/v2/pages/60.json]
[medic.mhrtheme.com/wp-json/oembed/1.0/embed4d07.json]
[medic.mhrtheme.com/wp-json/oembed/1.0/embedc5c6]
[medic.mhrtheme.com/blog-right-sidebar/index.html]
[medic.mhrtheme.com/aspirin-for-prevention/feed/index.html]
[medic.mhrtheme.com/wp-json/wp/v2/posts/366.json]
[medic.mhrtheme.com/wp-json/oembed/1.0/embed4b21.json]
[medic.mhrtheme.com/wp-json/oembed/1.0/embede744]
[medic.mhrtheme.com/xmlrpc.php]
[medic.mhrtheme.com/aspirin-for-prevention/index.html]
[medic.mhrtheme.com/new-operating-suites/feed/index.html]
[medic.mhrtheme.com/wp-json/wp/v2/posts/365.json]
[medic.mhrtheme.com/wp-json/oembed/1.0/embed72ad.json]
[medic.mhrtheme.com/new-operating-suites/index.html]
[medic.mhrtheme.com/wp-json/oembed/1.0/embed31ac]
[medic.mhrtheme.com/new-operating-suites/indexfc06.html]
[medic.mhrtheme.com/new-operating-suites/index94a5.html]
[medic.mhrtheme.com/new-operating-suites/indexa858.html]
[medic.mhrtheme.com/new-operating-suites/index6944.html]
[medic.mhrtheme.com/wp-json/wp/v2/posts/364.json]
[medic.mhrtheme.com/medical-specialty-health/feed/index.html]
[medic.mhrtheme.com/new-operating-suites/index04d3.html]
[medic.mhrtheme.com/wp-json/oembed/1.0/embed9297.json]
[medic.mhrtheme.com/medical-specialty-health/index.html]
[medic.mhrtheme.com/wp-json/oembed/1.0/embed9a79]
[medic.mhrtheme.com/wp-json/wp/v2/pages/74.json]
[medic.mhrtheme.com/wp-json/oembed/1.0/embedd31b.json]
[medic.mhrtheme.com/appointment-style-one/index.html]
[medic.mhrtheme.com/wp-json/oembed/1.0/embed150d]
[medic.mhrtheme.com/wp-json/wp/v2/pages/708.json]
[medic.mhrtheme.com/wp-json/oembed/1.0/embedca7e.json]
[medic.mhrtheme.com/wp-json/oembed/1.0/embed06cd]
[medic.mhrtheme.com/wp-content/plugins/appointment-hour-booking/css/cupertino/calendar3781.css]
[medic.mhrtheme.com/index01c4.html]
[medic.mhrtheme.com/wp-content/plugins/appointment-hour-booking/css/stylepublic3781.css]
[medic.mhrtheme.com/wp-includes/css/dashicons.min3781.css]
[medic.mhrtheme.com/wp-includes/css/jquery-ui-dialog.min3781.css]
[medic.mhrtheme.com/wp-includes/js/jquery/ui/datepicker.min3f14.js]
[medic.mhrtheme.com/wp-includes/js/jquery/ui/tooltip.min3f14.js]
[medic.mhrtheme.com/wp-includes/js/jquery/ui/mouse.min3f14.js]
[medic.mhrtheme.com/wp-includes/js/jquery/ui/resizable.min3f14.js]
[medic.mhrtheme.com/wp-includes/js/jquery/ui/draggable.min3f14.js]
[medic.mhrtheme.com/wp-includes/js/jquery/ui/controlgroup.min3f14.js]
[medic.mhrtheme.com/wp-includes/js/jquery/ui/checkboxradio.min3f14.js]
[medic.mhrtheme.com/wp-includes/js/jquery/ui/button.min3f14.js]
[medic.mhrtheme.com/appointment-style-two/index.html]
[medic.mhrtheme.com/wp-includes/js/jquery/ui/dialog.min3f14.js]
[medic.mhrtheme.com/index54fb.html]
[medic.mhrtheme.com/wp-json/wp/v2/pages/66.json]
[medic.mhrtheme.com/wp-json/oembed/1.0/embedd526.json]
[medic.mhrtheme.com/doctor-grid/index.html]
[medic.mhrtheme.com/wp-json/oembed/1.0/embed374c]
[medic.mhrtheme.com/wp-json/wp/v2/pages/68.json]
[medic.mhrtheme.com/wp-json/oembed/1.0/embedf571.json]
[medic.mhrtheme.com/doctor-slider/index.html]
[medic.mhrtheme.com/wp-json/oembed/1.0/embedc8f1]
[medic.mhrtheme.com/wp-json/wp/v2/pages/70.json]
[medic.mhrtheme.com/wp-json/oembed/1.0/embed02ca.json]
[medic.mhrtheme.com/testimonial-grid/index.html]
[medic.mhrtheme.com/wp-json/oembed/1.0/embede152]
[medic.mhrtheme.com/wp-json/wp/v2/pages/72.json]
[medic.mhrtheme.com/wp-json/oembed/1.0/embedfd05.json]
[medic.mhrtheme.com/testimonial-slider/index.html]
[medic.mhrtheme.com/wp-json/oembed/1.0/embedbe29]
[medic.mhrtheme.com/wp-json/wp/v2/pages/76.json]
[medic.mhrtheme.com/wp-json/oembed/1.0/embed5fa6.json]
[medic.mhrtheme.com/frequently-asked-questions/index.html]
[medic.mhrtheme.com/404-error-page.html]
[medic.mhrtheme.com/wp-json/oembed/1.0/embed19b0]
[medic.mhrtheme.com/wp-json/wp/v2/pages/2.json]
[medic.mhrtheme.com/wp-json/oembed/1.0/embed5154.json]
[medic.mhrtheme.com/page-no-sidebar/index.html]
[medic.mhrtheme.com/wp-json/oembed/1.0/embed14d5]
[medic.mhrtheme.com/wp-json/wp/v2/pages/78.json]
[medic.mhrtheme.com/wp-json/oembed/1.0/embedf8eb.json]
[medic.mhrtheme.com/page-left-sidebar/index.html]
[medic.mhrtheme.com/wp-json/oembed/1.0/embed8b1a]
[medic.mhrtheme.com/wp-json/wp/v2/pages/80.json]
[medic.mhrtheme.com/wp-json/oembed/1.0/embedd32e.json]
[medic.mhrtheme.com/page-right-sidebar/index.html]
[medic.mhrtheme.com/wp-json/oembed/1.0/embed13be]
[medic.mhrtheme.com/wp-json/wp/v2/pages/46.json]
[medic.mhrtheme.com/wp-json/oembed/1.0/embed7753.json]
[medic.mhrtheme.com/contact-style-one/index.html]
[medic.mhrtheme.com/wp-json/oembed/1.0/embed4a90]
[medic.mhrtheme.com/wp-json/wp/v2/pages/48.json]
[medic.mhrtheme.com/wp-json/oembed/1.0/embed3139.json]
[medic.mhrtheme.com/contact-style-two/index.html]
[medic.mhrtheme.com/wp-json/oembed/1.0/embede050]
[medic.mhrtheme.com/wp-json/wp/v2/medic-departments/340.json]
[medic.mhrtheme.com/wp-json/oembed/1.0/embed7249.json]
[medic.mhrtheme.com/medic-departments/cardiology/index.html]
[medic.mhrtheme.com/wp-json/oembed/1.0/embed2d36]
[medic.mhrtheme.com/wp-json/wp/v2/medic-departments/339.json]
[medic.mhrtheme.com/wp-json/oembed/1.0/embedff61.json]
[medic.mhrtheme.com/medic-departments/eye-care/index.html]
[medic.mhrtheme.com/wp-json/oembed/1.0/embed4913]
[medic.mhrtheme.com/wp-json/wp/v2/medic-departments/338.json]
[medic.mhrtheme.com/wp-json/oembed/1.0/embed0c72.json]
[medic.mhrtheme.com/medic-departments/neurology/index.html]
[medic.mhrtheme.com/wp-json/oembed/1.0/embed91c7]
[medic.mhrtheme.com/author/adam-smith/feed/index.html]
[medic.mhrtheme.com/wp-json/wp/v2/users/2.json]
[medic.mhrtheme.com/author/adam-smith/index.html]
[medic.mhrtheme.com/2021/10/23/index.html]
[medic.mhrtheme.com/2021/10/22/index.html]
[medic.mhrtheme.com/2021/10/21/index.html]
[medic.mhrtheme.com/blog/index.html]
[medic.mhrtheme.com/wp-json/wp/v2/medic-departments/335.json]
[medic.mhrtheme.com/blog/page/2/index.html]
[medic.mhrtheme.com/wp-json/oembed/1.0/embed3d24.json]
[medic.mhrtheme.com/medic-departments/medicine/index.html]
[medic.mhrtheme.com/wp-json/oembed/1.0/embedacf5]
[medic.mhrtheme.com/wp-content/plugins/woocommerce/assets/fonts/WooCommerce.svg]
[medic.mhrtheme.com/wp-content/plugins/woocommerce/assets/images/icons/loader.svg]
[medic.mhrtheme.com/wp-content/plugins/woocommerce/assets/images/icons/credit-cards/visa.svg]
[medic.mhrtheme.com/wp-content/plugins/woocommerce/assets/images/icons/credit-cards/mastercard.svg]
[medic.mhrtheme.com/wp-content/plugins/woocommerce/assets/images/icons/credit-cards/laser.svg]
[medic.mhrtheme.com/wp-content/plugins/woocommerce/assets/images/icons/credit-cards/diners.svg]
[medic.mhrtheme.com/wp-content/plugins/woocommerce/assets/images/icons/credit-cards/maestro.svg]
[medic.mhrtheme.com/wp-content/plugins/woocommerce/assets/images/icons/credit-cards/jcb.svg]
[medic.mhrtheme.com/wp-content/plugins/woocommerce/assets/images/icons/credit-cards/amex.svg]
[medic.mhrtheme.com/wp-content/plugins/woocommerce/assets/images/icons/credit-cards/discover.svg]
[medic.mhrtheme.com/wp-content/themes/medic/assets/css/owl.video.play.html]
[medic.mhrtheme.com/wp-content/themes/medic/assets/fonts/boxiconsd41d.svg]
[medic.mhrtheme.com/wp-content/themes/medic/assets/fonts/Flaticon.svg]
[medic.mhrtheme.com/wp-content/themes/medic/assets/fonts/fontawesome-webfont3e6e.svg]
[medic.mhrtheme.com/wp-content/plugins/elementor/assets/lib/eicons/fonts/eicons1075.svg]
[medic.mhrtheme.com/wp-content/uploads/elementor/css/post-84df4b.css]
[medic.mhrtheme.com/index735a.html]
[medic.mhrtheme.com/wp-json/wp/v2/product/444.json]
[medic.mhrtheme.com/product/digital-monitor/feed/index.html]
[medic.mhrtheme.com/wp-json/oembed/1.0/embed5559.json]
[medic.mhrtheme.com/product/digital-monitor/index.html]
[medic.mhrtheme.com/wp-json/oembed/1.0/embed9ae2]
[medic.mhrtheme.com/wp-json/wp/v2/product_cat/30.json]
[medic.mhrtheme.com/product-category/armani/index.html]
[medic.mhrtheme.com/product-category/armani/feed/index.html]
[medic.mhrtheme.com/product-category/moshi/feed/index.html]
[medic.mhrtheme.com/wp-json/wp/v2/product_cat/28.json]
[medic.mhrtheme.com/product-category/moshi/index.html]
[medic.mhrtheme.com/homepage-style-two/index39d7.html]
[medic.mhrtheme.com/wp-json/wp/v2/product_cat/31.json]
[medic.mhrtheme.com/product-category/canada/index.html]
[medic.mhrtheme.com/homepage-style-two/index1179.html]
[medic.mhrtheme.com/product-category/canada/feed/index.html]
[medic.mhrtheme.com/wp-content/plugins/woocommerce/packages/woocommerce-blocks/build/cart-frontend0461.js]
[medic.mhrtheme.com/wp-includes/js/dist/vendor/lodash.minf492.js]
[medic.mhrtheme.com/wp-includes/js/dist/vendor/react.min7a3b.js]
[medic.mhrtheme.com/wp-includes/js/dist/vendor/wp-polyfill.min2c7c.js]
[medic.mhrtheme.com/wp-includes/js/dist/vendor/wp-polyfill-inert.min0226.js]
[medic.mhrtheme.com/wp-includes/js/dist/vendor/regenerator-runtime.min8fa4.js]
[medic.mhrtheme.com/wp-content/plugins/woocommerce/packages/woocommerce-blocks/build/blocks-checkout2588.js]
[medic.mhrtheme.com/wp-content/plugins/woocommerce/packages/woocommerce-blocks/build/wc-blocks-registrya902.js]
[medic.mhrtheme.com/wp-includes/js/dist/deprecated.min654f.js]
[medic.mhrtheme.com/wp-includes/js/dist/hooks.min6c65.js]
[medic.mhrtheme.com/wp-includes/js/dist/element.mind52e.js]
[medic.mhrtheme.com/wp-includes/js/dist/vendor/react-dom.min7a3b.js]
[medic.mhrtheme.com/wp-includes/js/dist/escape-html.min0311.js]
[medic.mhrtheme.com/wp-content/plugins/woocommerce/packages/woocommerce-blocks/build/wc-settingse972.js]
[medic.mhrtheme.com/wp-includes/js/dist/i18n.mine57b.js]
[medic.mhrtheme.com/wp-includes/js/dist/api-fetch.min0e58.js]
[medic.mhrtheme.com/wp-includes/js/dist/url.min2d0c.js]
[medic.mhrtheme.com/wp-includes/js/dist/compose.minb536.js]
[medic.mhrtheme.com/wp-includes/js/dist/dom.mind090.js]
[medic.mhrtheme.com/wp-includes/js/dist/is-shallow-equal.mincc0f.js]
[medic.mhrtheme.com/wp-includes/js/dist/keycodes.min4ff5.js]
[medic.mhrtheme.com/wp-includes/js/dist/priority-queue.mind972.js]
[medic.mhrtheme.com/wp-includes/js/dist/data.min4769.js]
[medic.mhrtheme.com/wp-includes/js/dist/private-apis.mindeff.js]
[medic.mhrtheme.com/wp-includes/js/dist/redux-routine.minc83e.js]
[medic.mhrtheme.com/wp-includes/js/dist/primitives.minda39.js]
[medic.mhrtheme.com/wp-includes/js/dist/warning.min5558.js]
[medic.mhrtheme.com/wp-content/plugins/woocommerce/packages/woocommerce-blocks/build/wc-blocks-data740f.js]
[medic.mhrtheme.com/wp-includes/js/dist/data-controls.min8399.js]
[medic.mhrtheme.com/wp-includes/js/dist/html-entities.min68f0.js]
[medic.mhrtheme.com/wp-includes/js/dist/notices.minb2dc.js]
[medic.mhrtheme.com/wp-content/plugins/woocommerce/packages/woocommerce-blocks/build/wc-blocks-middleware72cc.js]
[medic.mhrtheme.com/wp-content/plugins/woocommerce/packages/woocommerce-blocks/build/wc-blocks-shared-hocs751f.js]
[medic.mhrtheme.com/wp-content/plugins/woocommerce/packages/woocommerce-blocks/build/wc-blocks-shared-contextbce4.js]
[medic.mhrtheme.com/wp-content/plugins/woocommerce/packages/woocommerce-blocks/build/price-format4a75.js]
[medic.mhrtheme.com/wp-includes/js/dist/a11y.min65c7.js]
[medic.mhrtheme.com/wp-includes/js/dist/dom-ready.minded6.js]
[medic.mhrtheme.com/wp-includes/js/dist/autop.mincea0.js]
[medic.mhrtheme.com/wp-includes/js/dist/plugins.minfbc0.js]
[medic.mhrtheme.com/wp-includes/js/dist/wordcount.min633e.js]
[medic.mhrtheme.com/wp-content/plugins/woocommerce/packages/woocommerce-blocks/build/checkout-frontendfdc9.js]
[medic.mhrtheme.com/wp-json/wp/v2/product/442.json]
[medic.mhrtheme.com/wp-json/oembed/1.0/embed202d.json]
[medic.mhrtheme.com/product/non-touch-thermometer/feed/index.html]
[medic.mhrtheme.com/wp-json/oembed/1.0/embedfced]
[medic.mhrtheme.com/product/non-touch-thermometer/index.html]
[medic.mhrtheme.com/homepage-style-two/index4489.html]
[medic.mhrtheme.com/wp-json/wp/v2/product/441.json]
[medic.mhrtheme.com/product/patient-monitor/feed/index.html]
[medic.mhrtheme.com/wp-json/oembed/1.0/embed98d4.json]
[medic.mhrtheme.com/product/patient-monitor/index.html]
[medic.mhrtheme.com/homepage-style-two/index42d1.html]
[medic.mhrtheme.com/wp-json/oembed/1.0/embed9967]
[medic.mhrtheme.com/wp-json/wp/v2/product/440.json]
[medic.mhrtheme.com/product/object-thermometer/feed/index.html]
[medic.mhrtheme.com/wp-json/oembed/1.0/embed391f.json]
[medic.mhrtheme.com/wp-json/oembed/1.0/embedd6a7]
[medic.mhrtheme.com/product/object-thermometer/index.html]
[medic.mhrtheme.com/homepage-style-two/index874d.html]
[medic.mhrtheme.com/wp-json/wp/v2/product/439.json]
[medic.mhrtheme.com/product/esperanza-inhaler/feed/index.html]
[medic.mhrtheme.com/wp-json/oembed/1.0/embed3d9c.json]
[medic.mhrtheme.com/product/esperanza-inhaler/index.html]
[medic.mhrtheme.com/wp-json/oembed/1.0/embed5ef8]
[medic.mhrtheme.com/product-category/turnout/feed/index.html]
[medic.mhrtheme.com/wp-json/wp/v2/product_cat/29.json]
[medic.mhrtheme.com/product-category/turnout/index.html]
[medic.mhrtheme.com/homepage-style-two/indexb0c6.html]
[medic.mhrtheme.com/shop/index.html]
[medic.mhrtheme.com/shop/feed/index.html]
[medic.mhrtheme.com/wp-json/wp/v2/posts/363.json]
[medic.mhrtheme.com/wp-json/oembed/1.0/embed50fd.json]
[medic.mhrtheme.com/shop/page/2/index.html]
[medic.mhrtheme.com/leading-you-to-health/feed/index.html]
[medic.mhrtheme.com/leading-you-to-health/index.html]
[medic.mhrtheme.com/2021/10/20/index.html]
[medic.mhrtheme.com/wp-json/oembed/1.0/embedf64e]
[medic.mhrtheme.com/wp-json/wp/v2/posts/362.json]
[medic.mhrtheme.com/the-culture-of-care/feed/index.html]
[medic.mhrtheme.com/wp-json/oembed/1.0/embed1c0d.json]
[medic.mhrtheme.com/the-culture-of-care/index.html]
[medic.mhrtheme.com/wp-json/oembed/1.0/embed48a8]
[medic.mhrtheme.com/author/john-doe/feed/index.html]
[medic.mhrtheme.com/wp-json/wp/v2/users/3.json]
[medic.mhrtheme.com/author/john-doe/index.html]
[medic.mhrtheme.com/2021/09/20/index.html]
[medic.mhrtheme.com/a-healing-presence/feed/index.html]
[medic.mhrtheme.com/wp-json/wp/v2/posts/361.json]
[medic.mhrtheme.com/wp-json/oembed/1.0/embedb391.json]
[medic.mhrtheme.com/a-healing-presence/index.html]
[medic.mhrtheme.com/wp-json/oembed/1.0/embed84c6]
[medic.mhrtheme.com/2021/08/13/index.html]
[medic.mhrtheme.com/wp-content/uploads/elementor/css/post-908bb5a.css]
[medic.mhrtheme.com/indexdd92.html]
[medic.mhrtheme.com/one-page-home/index39d7.html]
[medic.mhrtheme.com/one-page-home/index1179.html]
[medic.mhrtheme.com/one-page-home/index4489.html]
[medic.mhrtheme.com/one-page-home/index42d1.html]
[medic.mhrtheme.com/one-page-home/index874d.html]
[medic.mhrtheme.com/one-page-home/indexb0c6.html]
[medic.mhrtheme.com/wp-content/uploads/elementor/css/post-9663d93.css]
[medic.mhrtheme.com/index9011.html]
[medic.mhrtheme.com/boxed-homepage/index39d7.html]
[medic.mhrtheme.com/boxed-homepage/index1179.html]
[medic.mhrtheme.com/boxed-homepage/index4489.html]
[medic.mhrtheme.com/boxed-homepage/index42d1.html]
[medic.mhrtheme.com/boxed-homepage/index874d.html]
[medic.mhrtheme.com/boxed-homepage/indexb0c6.html]
[medic.mhrtheme.com/wp-content/uploads/elementor/css/post-972aad9.css]
[medic.mhrtheme.com/indexf843.html]
[medic.mhrtheme.com/wp-content/uploads/elementor/css/post-408129.css]
[medic.mhrtheme.com/index3ba0.html]
[medic.mhrtheme.com/wp-content/uploads/elementor/css/post-442ea2.css]
[medic.mhrtheme.com/index49b1.html]
[medic.mhrtheme.com/index6aed.html]
[medic.mhrtheme.com/department-grid/page/2/index.html]
[medic.mhrtheme.com/index4579.html]
[medic.mhrtheme.com/index3e1b.html]
[medic.mhrtheme.com/2021/10/index.html]
[medic.mhrtheme.com/2021/09/index.html]
[medic.mhrtheme.com/2021/08/index.html]
[medic.mhrtheme.com/2021/07/index.html]
[medic.mhrtheme.com/2021/06/index.html]
[medic.mhrtheme.com/category/disease/feed/index.html]
[medic.mhrtheme.com/wp-json/wp/v2/categories/22.json]
[medic.mhrtheme.com/category/disease/index.html]
[medic.mhrtheme.com/category/health/feed/index.html]
[medic.mhrtheme.com/wp-json/wp/v2/categories/23.json]
[medic.mhrtheme.com/category/health/index.html]
[medic.mhrtheme.com/category/medical/feed/index.html]
[medic.mhrtheme.com/wp-json/wp/v2/categories/24.json]
[medic.mhrtheme.com/category/medical/index.html]
[medic.mhrtheme.com/category/nutrition/feed/index.html]
[medic.mhrtheme.com/wp-json/wp/v2/categories/25.json]
[medic.mhrtheme.com/category/nutrition/index.html]
[medic.mhrtheme.com/category/poison/feed/index.html]
[medic.mhrtheme.com/wp-json/wp/v2/categories/26.json]
[medic.mhrtheme.com/category/poison/index.html]
[medic.mhrtheme.com/indexc2ef.html]
[medic.mhrtheme.com/index47c4.html]
[medic.mhrtheme.com/index5c36.html]
[medic.mhrtheme.com/shop-grid/index39d7.html]
[medic.mhrtheme.com/shop-grid/index1179.html]
[medic.mhrtheme.com/shop-grid/index4489.html]
[medic.mhrtheme.com/shop-grid/index42d1.html]
[medic.mhrtheme.com/shop-grid/index874d.html]
[medic.mhrtheme.com/shop-grid/indexb0c6.html]
[medic.mhrtheme.com/shop-grid/page/2/index.html]
[medic.mhrtheme.com/index8cd4.html]
[medic.mhrtheme.com/wp-json/wp/v2/product/438.json]
[medic.mhrtheme.com/product/bp-machine/feed/index.html]
[medic.mhrtheme.com/wp-json/oembed/1.0/embed256f.json]
[medic.mhrtheme.com/product/bp-machine/index.html]
[medic.mhrtheme.com/wp-json/oembed/1.0/embed6fee]
[medic.mhrtheme.com/product-category/switch/feed/index.html]
[medic.mhrtheme.com/wp-json/wp/v2/product_cat/27.json]
[medic.mhrtheme.com/product-category/switch/index.html]
[medic.mhrtheme.com/shop-slider/index4b36.html]
[medic.mhrtheme.com/shop-slider/indexb0c6.html]
[medic.mhrtheme.com/shop-slider/index874d.html]
[medic.mhrtheme.com/shop-slider/index42d1.html]
[medic.mhrtheme.com/shop-slider/index4489.html]
[medic.mhrtheme.com/shop-slider/index1179.html]
[medic.mhrtheme.com/index1beb.html]
[medic.mhrtheme.com/shop-list/index39d7.html]
[medic.mhrtheme.com/shop-list/index1179.html]
[medic.mhrtheme.com/shop-list/index4489.html]
[medic.mhrtheme.com/shop-list/index42d1.html]
[medic.mhrtheme.com/shop-list/index874d.html]
[medic.mhrtheme.com/shop-list/indexb0c6.html]
[medic.mhrtheme.com/shop-list/page/2/index.html]
[medic.mhrtheme.com/wp-content/plugins/woocommerce/assets/css/photoswipe/default-skin/default-skin.png]
[medic.mhrtheme.com/wp-content/plugins/woocommerce/assets/css/photoswipe/photoswipe.min823d.css]
[medic.mhrtheme.com/wp-content/plugins/woocommerce/assets/css/photoswipe/default-skin/default-skin.svg]
[medic.mhrtheme.com/wp-content/plugins/woocommerce/assets/css/photoswipe/default-skin/preloader.gif]
[medic.mhrtheme.com/wp-content/plugins/woocommerce/assets/css/photoswipe/default-skin/default-skin.min823d.css]
[medic.mhrtheme.com/indexe0b1.html]
[medic.mhrtheme.com/product/digital-bp-monitor/index39d7.html]
[medic.mhrtheme.com/product/digital-bp-monitor/index4489.html]
[medic.mhrtheme.com/product/digital-bp-monitor/index874d.html]
[medic.mhrtheme.com/wp-content/plugins/woocommerce/assets/css/select2823d.css]
[medic.mhrtheme.com/indexb5fb.html]
[medic.mhrtheme.com/index5757.html]
[medic.mhrtheme.com/wp-includes/js/zxcvbn-async.min5152.js]
[medic.mhrtheme.com/wp-admin/js/password-strength-meter.min3781.js]
[medic.mhrtheme.com/wp-content/plugins/woocommerce/assets/js/frontend/password-strength-meter.min823d.js]
[medic.mhrtheme.com/wp-content/plugins/woocommerce/assets/js/frontend/lost-password.min823d.js]
[medic.mhrtheme.com/my-account/lost-password/index.html]
[medic.mhrtheme.com/wp-json/wp/v2/pages/3.json]
[medic.mhrtheme.com/wp-json/oembed/1.0/embed94f2.json]
[medic.mhrtheme.com/privacy-policy/index.html]
[medic.mhrtheme.com/indexcc0f.html]
[medic.mhrtheme.com/index2dc8.html]
[medic.mhrtheme.com/wp-json/oembed/1.0/embed5930]
[medic.mhrtheme.com/wp-json/wp/v2/posts/367.json]
[medic.mhrtheme.com/medical-healing-presence/feed/index.html]
[medic.mhrtheme.com/wp-json/oembed/1.0/embed6cd4.json]
[medic.mhrtheme.com/medical-healing-presence/index.html]
[medic.mhrtheme.com/2021/06/15/index.html]
[medic.mhrtheme.com/wp-json/oembed/1.0/embedfd98]
[medic.mhrtheme.com/wp-json/wp/v2/posts/368.json]
[medic.mhrtheme.com/leading-speciality-health/feed/index.html]
[medic.mhrtheme.com/wp-json/oembed/1.0/embed1997.json]
[medic.mhrtheme.com/leading-speciality-health/index.html]
[medic.mhrtheme.com/2021/07/05/index.html]
[medic.mhrtheme.com/indexe9b4.html]
[medic.mhrtheme.com/index0721.html]
[medic.mhrtheme.com/index7aa0.html]
[medic.mhrtheme.com/xmlrpc.php]
[medic.mhrtheme.com/index18ee.html]
[medic.mhrtheme.com/wp-json/oembed/1.0/embed7cb5]
[medic.mhrtheme.com/new-operating-suites/index94a5.html]
[medic.mhrtheme.com/new-operating-suites/indexfc06.html]
[medic.mhrtheme.com/new-operating-suites/index6944.html]
[medic.mhrtheme.com/new-operating-suites/indexa858.html]
[medic.mhrtheme.com/new-operating-suites/index04d3.html]
[medic.mhrtheme.com/index0364.html]
[medic.mhrtheme.com/index49a5.html]
[medic.mhrtheme.com/index7a58.html]
[medic.mhrtheme.com/wp-content/plugins/appointment-hour-booking/css/cupertino/images/arrow.png]
[medic.mhrtheme.com/wp-content/plugins/appointment-hour-booking/css/cupertino/calendar3781.css]
[medic.mhrtheme.com/wp-content/plugins/appointment-hour-booking/images/tooltop.gif]
[medic.mhrtheme.com/wp-content/plugins/appointment-hour-booking/css/stylepublic3781.css]
[medic.mhrtheme.com/indexe27c.html]
[medic.mhrtheme.com/wp-includes/fonts/dashicons7d4b.eot]
[medic.mhrtheme.com/wp-includes/css/dashicons.min3781.css]
[medic.mhrtheme.com/wp-includes/css/jquery-ui-dialog.min3781.css]
[medic.mhrtheme.com/index54fb.html]
[medic.mhrtheme.com/index1838.html]
[medic.mhrtheme.com/index4f61.html]
[medic.mhrtheme.com/index7ef4.html]
[medic.mhrtheme.com/index3f3a.html]
[medic.mhrtheme.com/indexae74.html]
[medic.mhrtheme.com/wp-content/uploads/elementor/css/post-766117.css]
[medic.mhrtheme.com/index04cd.html]
[medic.mhrtheme.com/index905b.html]
[medic.mhrtheme.com/wp-includes/fonts/dashicons7d4b.ttf]
[medic.mhrtheme.com/wp-admin/index.html]
[medic.mhrtheme.com/index7896.html]
[medic.mhrtheme.com/indexbde5.html]
[medic.mhrtheme.com/index7ea6.html]
[medic.mhrtheme.com/index94b0.html]
[medic.mhrtheme.com/index80a3.html]
[medic.mhrtheme.com/indexb247.html]
[medic.mhrtheme.com/indexbcd6.html]
[medic.mhrtheme.com/blog/page/2/index.html]
[medic.mhrtheme.com/index5294.html]
[medic.mhrtheme.com/indexb284.html]
[medic.mhrtheme.com/product/digital-monitor/index42d1.html]
[medic.mhrtheme.com/product/digital-monitor/index1179.html]
[medic.mhrtheme.com/product/digital-monitor/indexb0c6.html]
[medic.mhrtheme.com/product-category/armani/index1179.html]
[medic.mhrtheme.com/product-category/armani/index39d7.html]
[medic.mhrtheme.com/product-category/armani/index874d.html]
[medic.mhrtheme.com/product-category/moshi/index39d7.html]
[medic.mhrtheme.com/product-category/moshi/indexb0c6.html]
[medic.mhrtheme.com/product-category/moshi/index42d1.html]
[medic.mhrtheme.com/product-category/canada/index1179.html]
[medic.mhrtheme.com/product-category/canada/index4489.html]
[medic.mhrtheme.com/index6c6e.html]
[medic.mhrtheme.com/product/non-touch-thermometer/index1179.html]
[medic.mhrtheme.com/indexdf01.html]
[medic.mhrtheme.com/product/patient-monitor/index39d7.html]
[medic.mhrtheme.com/product/patient-monitor/indexb0c6.html]
[medic.mhrtheme.com/indexe982.html]
[medic.mhrtheme.com/product/object-thermometer/index39d7.html]
[medic.mhrtheme.com/product/object-thermometer/index1179.html]
[medic.mhrtheme.com/indexfcc0.html]
[medic.mhrtheme.com/product/esperanza-inhaler/index42d1.html]
[medic.mhrtheme.com/product/esperanza-inhaler/index39d7.html]
[medic.mhrtheme.com/product-category/turnout/indexb0c6.html]
[medic.mhrtheme.com/shop/index4b36.html]
[medic.mhrtheme.com/shop/index1179.html]
[medic.mhrtheme.com/shop/index39d7.html]
[medic.mhrtheme.com/shop/indexb0c6.html]
[medic.mhrtheme.com/shop/index4489.html]
[medic.mhrtheme.com/shop/index874d.html]
[medic.mhrtheme.com/shop/page/2/index.html]
[medic.mhrtheme.com/index481e.html]
[medic.mhrtheme.com/indexe4db.html]
[medic.mhrtheme.com/index76f0.html]
[medic.mhrtheme.com/department-grid/page/1/index.html]
[medic.mhrtheme.com/shop-grid/page/2/index4b36.html]
[medic.mhrtheme.com/shop-grid/page/1/index.html]
[medic.mhrtheme.com/index9ed5.html]
[medic.mhrtheme.com/product-category/switch/index4b36.html]
[medic.mhrtheme.com/shop-list/page/2/index4b36.html]
[medic.mhrtheme.com/shop-list/page/1/index.html]
[medic.mhrtheme.com/wp-content/plugins/woocommerce/assets/css/photoswipe/default-skin/default-skin.svg]
[medic.mhrtheme.com/index2207.html]
[medic.mhrtheme.com/index55d4.html]
[medic.mhrtheme.com/index5ee4.html]
[medic.mhrtheme.com/wp-login47b1.html]
[medic.mhrtheme.com/wp-includes/css/buttons.min3781.css]
[medic.mhrtheme.com/wp-admin/css/forms.min3781.css]
[medic.mhrtheme.com/wp-admin/css/l10n.min3781.css]
[medic.mhrtheme.com/wp-admin/css/login.min3781.css]
[medic.mhrtheme.com/wp-includes/js/underscore.mind584.js]
[medic.mhrtheme.com/wp-includes/js/wp-util.min3781.js]
[medic.mhrtheme.com/wp-admin/js/user-profile.min3781.js]
[medic.mhrtheme.com/wp-login47b1.html]
[medic.mhrtheme.com/shop/page/2/index42d1.html]
[medic.mhrtheme.com/shop/page/1/index.html]
[medic.mhrtheme.com/wp-includes/css/buttons.min3781.css]
[medic.mhrtheme.com/wp-admin/images/loading.gif]
[medic.mhrtheme.com/wp-admin/css/forms.min3781.css]
[medic.mhrtheme.com/wp-admin/css/l10n.min3781.css]
[medic.mhrtheme.com/wp-admin/images/w-logo-blue7a53.png]
[medic.mhrtheme.com/wp-admin/images/wordpress-logo7d6b.svg]
[medic.mhrtheme.com/wp-admin/css/login.min3781.css]
[medic.mhrtheme.com/wp-admin/images/wordpress-logo7d6b.svg]
